
[Test_Template_With_Custom_Path - 1]


<!DOCTYPE html>
<html lang="en">
    <head>
        <meta charset="utf-8" />
        <title></title>
        <meta name="viewport" content="width=device-width, initial-scale=1" />
        <meta http-equiv="X-UA-Compatible" content="IE=edge" />

        <link href="/static/bootstrap/bootstrap.min.css" rel="stylesheet" crossorigin="anonymous">

  </head>
    </head>
    <body>
        
<div>Hello World!</div>
<div>Template Inheritance in Go html/template</div>
 
<div>
    Powered by
    <a href="https://golang.org/">Go</a>
</div>


        <script src="/static/bootstrap/bootstrap.bundle.min.js"></script>
    </body>
</html>
 

---
